
> rest-express@1.0.0 build
> tsx script/build.ts

building client...
[36mvite v7.3.0 [32mbuilding client environment for production...[36m[39m
transforming...
node.exe : Browserslist: browsers data (caniuse-lite) is 7 months old. Please run:
En línea: 1 Carácter: 1
+ & "C:\Program Files\nodejs/node.exe" "C:\Program Files\nodejs/node_mo ...
+ ~~~~~~~~~~~~~~~~~~~~~~~~~~~~~~~~~~~~~~~~~~~~~~~~~~~~~~~~~~~~~~~~~~~~~
    + CategoryInfo          : NotSpecified: (Browserslist: b...ld. Please run::String) [], RemoteException
    + FullyQualifiedErrorId : NativeCommandError
 
  npx update-browserslist-db@latest
  Why you should do it regularly: https://github.com/browserslist/update-db#readme
[32mÔ£ô[39m 31 modules transformed.
[31mÔ£ù[39m Build failed in 1.01s
[31m[vite:esbuild] Transform failed with 1 error:
C:/Users/juan8/.gemini/antigravity/scratch/EcoGuardian/client/src/pages/Community.tsx:523:33: ERROR: Expected ")" but 
found "https"[39m
file: [36mC:/Users/juan8/.gemini/antigravity/scratch/EcoGuardian/client/src/pages/Community.tsx:523:33[39m
[33m
[33mExpected ")" but found "https"[33m
521 |          const { latitude, longitude } = pos.coords;
522 |          try {
523 |            const r = await 
fetch(`https://nominatim.openstreetmap.org/reverse?lat=${latitude}&lon=${longitude}&format=...
    |                                   ^
524 |            const d = await r.json();
525 |            const addr = d.address;
[39m
    at failureErrorWithLog 
(C:\Users\juan8\.gemini\antigravity\scratch\EcoGuardian\node_modules\vite\node_modules\esbuild\lib\main.js:1467:15)
    at C:\Users\juan8\.gemini\antigravity\scratch\EcoGuardian\node_modules\vite\node_modules\esbuild\lib\main.js:736:50
    at responseCallbacks.<computed> 
(C:\Users\juan8\.gemini\antigravity\scratch\EcoGuardian\node_modules\vite\node_modules\esbuild\lib\main.js:603:9)
    at handleIncomingPacket 
(C:\Users\juan8\.gemini\antigravity\scratch\EcoGuardian\node_modules\vite\node_modules\esbuild\lib\main.js:658:12)
    at Socket.readFromStdout 
(C:\Users\juan8\.gemini\antigravity\scratch\EcoGuardian\node_modules\vite\node_modules\esbuild\lib\main.js:581:7)
    at Socket.emit (node:events:508:28)
    at addChunk (node:internal/streams/readable:559:12)
    at readableAddChunkPushByteMode (node:internal/streams/readable:510:3)
    at Readable.push (node:internal/streams/readable:390:5)
    at Pipe.onStreamRead (node:internal/stream_base_commons:189:23) {
  errors: [Getter/Setter],
  warnings: [Getter/Setter],
  frame: '\n' +
    '\x1B[33mExpected ")" but found "https"\x1B[39m\n' +
    '521 |          const { latitude, longitude } = pos.coords;\n' +
    '522 |          try {\n' +
    '523 |            const r = await 
fetch(`https://nominatim.openstreetmap.org/reverse?lat=${latitude}&lon=${longitude}&format=...\n' +
    '    |                                   ^\n' +
    '524 |            const d = await r.json();\n' +
    '525 |            const addr = d.address;\n',
  loc: {
    column: 33,
    file: 'C:/Users/juan8/.gemini/antigravity/scratch/EcoGuardian/client/src/pages/Community.tsx',
    length: 5,
    line: 523,
    lineText: '          const r = await 
fetch(`https://nominatim.openstreetmap.org/reverse?lat=${latitude}&lon=${longitude}&format=json`);',
    namespace: '',
    suggestion: ')'
  },
  code: 'PLUGIN_ERROR',
  plugin: 'vite:esbuild',
  hook: 'transform',
  id: 'C:/Users/juan8/.gemini/antigravity/scratch/EcoGuardian/client/src/pages/Community.tsx',
  watchFiles: [
    'C:/Users/juan8/.gemini/antigravity/scratch/EcoGuardian/client/index.html',
    'C:/Users/juan8/.gemini/antigravity/scratch/EcoGuardian/client/src/main.tsx',
    'C:\\Users\\juan8\\.gemini\\antigravity\\scratch\\EcoGuardian\\package.json',
    'C:/Users/juan8/.gemini/antigravity/scratch/EcoGuardian/node_modules/react-dom/client.js',
    'C:/Users/juan8/.gemini/antigravity/scratch/EcoGuardian/node_modules/react/jsx-runtime.js',
    'C:/Users/juan8/.gemini/antigravity/scratch/EcoGuardian/node_modules/@capacitor/status-bar/dist/esm/index.js',
    'C:/Users/juan8/.gemini/antigravity/scratch/EcoGuardian/node_modules/@codetrix-studio/capacitor-google-auth/dist/es
m/index.js',
    'C:/Users/juan8/.gemini/antigravity/scratch/EcoGuardian/node_modules/@capacitor/core/dist/index.js',
    'C:/Users/juan8/.gemini/antigravity/scratch/EcoGuardian/client/src/index.css',
    'C:/Users/juan8/.gemini/antigravity/scratch/EcoGuardian/client/src/App.tsx',
    'C:/Users/juan8/.gemini/antigravity/scratch/EcoGuardian/node_modules/react-dom/index.js',
    'C:/Users/juan8/.gemini/antigravity/scratch/EcoGuardian/node_modules/@codetrix-studio/capacitor-google-auth/dist/es
m/web.js',
    
'C:/Users/juan8/.gemini/antigravity/scratch/EcoGuardian/node_modules/@capacitor/status-bar/dist/esm/definitions.js',
    'C:/Users/juan8/.gemini/antigravity/scratch/EcoGuardian/node_modules/@codetrix-studio/capacitor-google-auth/dist/es
m/definitions.js',
    
'C:/Users/juan8/.gemini/antigravity/scratch/EcoGuardian/node_modules/react/cjs/react-jsx-runtime.production.min.js',
    'C:/Users/juan8/.gemini/antigravity/scratch/EcoGuardian/client/src/hooks/use-auth.ts',
    'C:/Users/juan8/.gemini/antigravity/scratch/EcoGuardian/client/src/hooks/use-debounce.ts',
    'C:/Users/juan8/.gemini/antigravity/scratch/EcoGuardian/client/src/hooks/use-leaderboard.ts',
    'C:/Users/juan8/.gemini/antigravity/scratch/EcoGuardian/client/src/hooks/use-reports.ts',
    'C:/Users/juan8/.gemini/antigravity/scratch/EcoGuardian/client/src/hooks/use-toast.ts',
    'C:/Users/juan8/.gemini/antigravity/scratch/EcoGuardian/client/src/lib/queryClient.ts',
    'C:/Users/juan8/.gemini/antigravity/scratch/EcoGuardian/client/src/lib/utils.ts',
    'C:/Users/juan8/.gemini/antigravity/scratch/EcoGuardian/client/src/components/FloatingChat.tsx',
    'C:/Users/juan8/.gemini/antigravity/scratch/EcoGuardian/client/src/components/GlobalSearch.tsx',
    'C:/Users/juan8/.gemini/antigravity/scratch/EcoGuardian/client/src/components/layout/AppLayout.tsx',
    'C:/Users/juan8/.gemini/antigravity/scratch/EcoGuardian/client/src/components/layout/LeftSidebar.tsx',
    'C:/Users/juan8/.gemini/antigravity/scratch/EcoGuardian/client/src/components/layout/RightSidebar.tsx',
    'C:/Users/juan8/.gemini/antigravity/scratch/EcoGuardian/client/src/components/layout/SearchDropdown.tsx',
    'C:/Users/juan8/.gemini/antigravity/scratch/EcoGuardian/client/src/components/reports/MapDisplay.tsx',
    'C:/Users/juan8/.gemini/antigravity/scratch/EcoGuardian/client/src/components/theme-provider.tsx',
    'C:/Users/juan8/.gemini/antigravity/scratch/EcoGuardian/client/src/components/ui/accordion.tsx',
    'C:/Users/juan8/.gemini/antigravity/scratch/EcoGuardian/client/src/components/ui/alert-dialog.tsx',
    'C:/Users/juan8/.gemini/antigravity/scratch/EcoGuardian/client/src/components/ui/alert.tsx',
    'C:/Users/juan8/.gemini/antigravity/scratch/EcoGuardian/client/src/components/ui/aspect-ratio.tsx',
    'C:/Users/juan8/.gemini/antigravity/scratch/EcoGuardian/client/src/components/ui/avatar.tsx',
    'C:/Users/juan8/.gemini/antigravity/scratch/EcoGuardian/client/src/components/ui/AvatarCropper.tsx',
    'C:/Users/juan8/.gemini/antigravity/scratch/EcoGuardian/client/src/components/ui/badge.tsx',
    'C:/Users/juan8/.gemini/antigravity/scratch/EcoGuardian/client/src/components/ui/breadcrumb.tsx',
    'C:/Users/juan8/.gemini/antigravity/scratch/EcoGuardian/client/src/components/ui/button.tsx',
    'C:/Users/juan8/.gemini/antigravity/scratch/EcoGuardian/client/src/components/ui/calendar.tsx',
    'C:/Users/juan8/.gemini/antigravity/scratch/EcoGuardian/client/src/components/ui/card.tsx',
    'C:/Users/juan8/.gemini/antigravity/scratch/EcoGuardian/client/src/components/ui/carousel.tsx',
    'C:/Users/juan8/.gemini/antigravity/scratch/EcoGuardian/client/src/components/ui/chart.tsx',
    'C:/Users/juan8/.gemini/antigravity/scratch/EcoGuardian/client/src/components/ui/checkbox.tsx',
    'C:/Users/juan8/.gemini/antigravity/scratch/EcoGuardian/client/src/components/ui/collapsible.tsx',
    'C:/Users/juan8/.gemini/antigravity/scratch/EcoGuardian/client/src/components/ui/command.tsx',
    'C:/Users/juan8/.gemini/antigravity/scratch/EcoGuardian/client/src/components/ui/context-menu.tsx',
    'C:/Users/juan8/.gemini/antigravity/scratch/EcoGuardian/client/src/components/ui/dialog.tsx',
    'C:/Users/juan8/.gemini/antigravity/scratch/EcoGuardian/client/src/components/ui/drawer.tsx',
    'C:/Users/juan8/.gemini/antigravity/scratch/EcoGuardian/client/src/components/ui/dropdown-menu.tsx',
    'C:/Users/juan8/.gemini/antigravity/scratch/EcoGuardian/client/src/components/ui/form.tsx',
    'C:/Users/juan8/.gemini/antigravity/scratch/EcoGuardian/client/src/components/ui/hover-card.tsx',
    'C:/Users/juan8/.gemini/antigravity/scratch/EcoGuardian/client/src/components/ui/input-otp.tsx',
    'C:/Users/juan8/.gemini/antigravity/scratch/EcoGuardian/client/src/components/ui/input.tsx',
    'C:/Users/juan8/.gemini/antigravity/scratch/EcoGuardian/client/src/components/ui/label.tsx',
    'C:/Users/juan8/.gemini/antigravity/scratch/EcoGuardian/client/src/components/ui/LocationPicker.tsx',
    'C:/Users/juan8/.gemini/antigravity/scratch/EcoGuardian/client/src/components/ui/menubar.tsx',
    'C:/Users/juan8/.gemini/antigravity/scratch/EcoGuardian/client/src/components/ui/navigation-menu.tsx',
    'C:/Users/juan8/.gemini/antigravity/scratch/EcoGuardian/client/src/components/ui/pagination.tsx',
    'C:/Users/juan8/.gemini/antigravity/scratch/EcoGuardian/client/src/components/ui/popover.tsx',
    'C:/Users/juan8/.gemini/antigravity/scratch/EcoGuardian/client/src/components/ui/progress.tsx',
    'C:/Users/juan8/.gemini/antigravity/scratch/EcoGuardian/client/src/components/ui/radio-group.tsx',
    'C:/Users/juan8/.gemini/antigravity/scratch/EcoGuardian/client/src/components/ui/resizable.tsx',
    'C:/Users/juan8/.gemini/antigravity/scratch/EcoGuardian/client/src/components/ui/scroll-area.tsx',
    'C:/Users/juan8/.gemini/antigravity/scratch/EcoGuardian/client/src/components/ui/select.tsx',
    'C:/Users/juan8/.gemini/antigravity/scratch/EcoGuardian/client/src/components/ui/separator.tsx',
    'C:/Users/juan8/.gemini/antigravity/scratch/EcoGuardian/client/src/components/ui/sheet.tsx',
    'C:/Users/juan8/.gemini/antigravity/scratch/EcoGuardian/client/src/components/ui/sidebar.tsx',
    'C:/Users/juan8/.gemini/antigravity/scratch/EcoGuardian/client/src/components/ui/skeleton.tsx',
    'C:/Users/juan8/.gemini/antigravity/scratch/EcoGuardian/client/src/components/ui/slider.tsx',
    'C:/Users/juan8/.gemini/antigravity/scratch/EcoGuardian/client/src/components/ui/switch.tsx',
    'C:/Users/juan8/.gemini/antigravity/scratch/EcoGuardian/client/src/components/ui/table.tsx',
    'C:/Users/juan8/.gemini/antigravity/scratch/EcoGuardian/client/src/components/ui/tabs.tsx',
    'C:/Users/juan8/.gemini/antigravity/scratch/EcoGuardian/client/src/components/ui/textarea.tsx',
    'C:/Users/juan8/.gemini/antigravity/scratch/EcoGuardian/client/src/components/ui/toast.tsx',
    'C:/Users/juan8/.gemini/antigravity/scratch/EcoGuardian/client/src/components/ui/toaster.tsx',
    'C:/Users/juan8/.gemini/antigravity/scratch/EcoGuardian/client/src/components/ui/toggle-group.tsx',
    'C:/Users/juan8/.gemini/antigravity/scratch/EcoGuardian/client/src/components/ui/toggle.tsx',
    'C:/Users/juan8/.gemini/antigravity/scratch/EcoGuardian/client/src/components/ui/tooltip.tsx',
    'C:/Users/juan8/.gemini/antigravity/scratch/EcoGuardian/client/src/hooks/use-mobile.tsx',
    'C:/Users/juan8/.gemini/antigravity/scratch/EcoGuardian/client/src/pages/Auth.tsx',
    'C:/Users/juan8/.gemini/antigravity/scratch/EcoGuardian/client/src/pages/CarbonCalculator.tsx',
    'C:/Users/juan8/.gemini/antigravity/scratch/EcoGuardian/client/src/pages/Community.tsx',
    'C:/Users/juan8/.gemini/antigravity/scratch/EcoGuardian/client/src/pages/CreateReport.tsx',
    'C:/Users/juan8/.gemini/antigravity/scratch/EcoGuardian/client/src/pages/Dashboard.tsx',
    'C:/Users/juan8/.gemini/antigravity/scratch/EcoGuardian/client/src/pages/Education.tsx',
    'C:/Users/juan8/.gemini/antigravity/scratch/EcoGuardian/client/src/pages/Friends.tsx',
    'C:/Users/juan8/.gemini/antigravity/scratch/EcoGuardian/client/src/pages/Home.tsx',
    'C:/Users/juan8/.gemini/antigravity/scratch/EcoGuardian/client/src/pages/Leaderboard.tsx',
    'C:/Users/juan8/.gemini/antigravity/scratch/EcoGuardian/client/src/pages/Marketplace.tsx',
    'C:/Users/juan8/.gemini/antigravity/scratch/EcoGuardian/client/src/pages/Messages.tsx',
    'C:/Users/juan8/.gemini/antigravity/scratch/EcoGuardian/client/src/pages/Minigames.tsx',
    'C:/Users/juan8/.gemini/antigravity/scratch/EcoGuardian/client/src/pages/not-found.tsx',
    'C:/Users/juan8/.gemini/antigravity/scratch/EcoGuardian/client/src/pages/Reels.tsx',
    'C:/Users/juan8/.gemini/antigravity/scratch/EcoGuardian/client/src/pages/ReportDetails.tsx',
    'C:/Users/juan8/.gemini/antigravity/scratch/EcoGuardian/client/src/pages/SearchResults.tsx',
    'C:/Users/juan8/.gemini/antigravity/scratch/EcoGuardian/client/src/pages/UserProfile.tsx',
    'C:/Users/juan8/.gemini/antigravity/scratch/EcoGuardian/client/src/pages/Weather.tsx',
    'C:/Users/juan8/.gemini/antigravity/scratch/EcoGuardian/tailwind.config.ts',
    'C:/Users/juan8/.gemini/antigravity/scratch/EcoGuardian/node_modules/@tanstack/react-query/build/modern/index.js',
    ... 3 more items
  ]
}
